
> tests@1.0.0 build /Users/msegreto/Development/go/src/github.com/18F/cg-deck
> npm run clean && node_modules/webpack/bin/webpack.js


> tests@1.0.0 clean /Users/msegreto/Development/go/src/github.com/18F/cg-deck
> rm -rf ./static/assets/*

Hash: 60ca1c93b5a879dc0954
Version: webpack 1.12.9
Time: 10736ms
                                 Asset     Size  Chunks             Chunk Names
  f4769f9bdb7466be65088239c12046d1.eot  20.1 kB          [emitted]  
448c34a56d699c29117adc64c43affeb.woff2    18 kB          [emitted]  
 fa2772327f55d8198301fdb8bcfc8158.woff  23.4 kB          [emitted]  
  e18bbf611f2a2e43afc071aa2f4e1512.ttf  45.4 kB          [emitted]  
  89889688147bd7575d6327160d64e760.svg   109 kB          [emitted]  
                             bundle.js  1.22 MB       0  [emitted]  main
                             style.css   147 kB       0  [emitted]  main
   [0] multi main 40 bytes {0} [built]
    + 521 hidden modules

ERROR in ./static_src/util/cf_api.js

/Users/msegreto/Development/go/src/github.com/18F/cg-deck/static_src/util/cf_api.js
  197:37  error  'err' is defined but never used  no-unused-vars

✖ 1 problem (1 error, 0 warnings)


ERROR in ./static_src/components/login.jsx

/Users/msegreto/Development/go/src/github.com/18F/cg-deck/static_src/components/login.jsx
  4:16  error  Component should be written as a pure function  react/prefer-stateless-function
  5:3   error  Useless constructor                             no-useless-constructor

✖ 2 problems (2 errors, 0 warnings)


ERROR in ./static_src/components/marketplace.jsx

/Users/msegreto/Development/go/src/github.com/18F/cg-deck/static_src/components/marketplace.jsx
   9:8   error    'serviceActions' is defined but never used              no-unused-vars
  15:3   error    Split 'var' declarations into multiple statements       one-var
  15:3   error    Unexpected var, use let or const instead                no-var
  16:7   error    'createInstanceForm' is defined but never used          no-unused-vars
  16:7   error    Expected indentation of 4 space characters but found 6  indent
  18:20  warning  Missing function expression name                        func-names
  18:20  error    Unexpected function expression                          prefer-arrow-callback
  18:28  error    Missing space before function parentheses               space-before-function-paren
  19:5   error    Unexpected var, use let or const instead                no-var
  20:5   error    Assignment to property of function parameter 'service'  no-param-reassign
  20:33  error    Trailing spaces not allowed                             no-trailing-spaces
  24:5   error    Expected property shorthand                             object-shorthand
  25:64  error    Trailing spaces not allowed                             no-trailing-spaces
  51:5   error    Unexpected var, use let or const instead                no-var
  76:2   error    Missing semicolon                                       semi

✖ 15 problems (14 errors, 1 warning)


ERROR in ./static_src/actions/org_actions.js

/Users/msegreto/Development/go/src/github.com/18F/cg-deck/static_src/actions/org_actions.js
   8:8  error  'cfApi' is defined but never used  no-unused-vars
  16:7  error  Expected property shorthand        object-shorthand
  23:7  error  Expected property shorthand        object-shorthand
  40:7  error  Expected property shorthand        object-shorthand
  47:7  error  Expected property shorthand        object-shorthand

✖ 5 problems (5 errors, 0 warnings)


ERROR in ./static_src/actions/service_actions.js

/Users/msegreto/Development/go/src/github.com/18F/cg-deck/static_src/actions/service_actions.js
  16:7  error  Expected property shorthand  object-shorthand
  23:7  error  Expected property shorthand  object-shorthand
  30:7  error  Expected property shorthand  object-shorthand
  37:7  error  Expected property shorthand  object-shorthand
  44:7  error  Expected property shorthand  object-shorthand
  51:7  error  Expected property shorthand  object-shorthand
  59:7  error  Expected property shorthand  object-shorthand
  60:7  error  Expected property shorthand  object-shorthand
  61:7  error  Expected property shorthand  object-shorthand
  68:7  error  Expected property shorthand  object-shorthand
  82:7  error  Expected property shorthand  object-shorthand
  96:7  error  Expected property shorthand  object-shorthand

✖ 12 problems (12 errors, 0 warnings)


ERROR in ./static_src/components/space.jsx

/Users/msegreto/Development/go/src/github.com/18F/cg-deck/static_src/components/space.jsx
  12:3   error  Unnecessarily quoted property 'apps' found              quote-props
  13:3   error  Unnecessarily quoted property 'services' found          quote-props
  14:3   error  Unnecessarily quoted property 'users' found             quote-props
  15:2   error  Missing semicolon                                       semi
  24:52  error  Unexpected trailing comma                               comma-dangle
  43:13  error  Multiple spaces found before '`/#/org/${'               no-multi-spaces
  43:21  error  Unexpected space(s) after '${'                          template-curly-spacing
  43:50  error  Unexpected space(s) before '}'                          template-curly-spacing
  43:59  error  Unexpected space(s) after '${'                          template-curly-spacing
  61:5   error  Split 'var' declarations into multiple statements       one-var
  61:5   error  Unexpected var, use let or const instead                no-var
  62:9   error  Expected indentation of 6 space characters but found 8  indent
  87:2   error  Unnecessary semicolon                                   no-extra-semi

✖ 13 problems (13 errors, 0 warnings)


ERROR in ./static_src/components/space_list.jsx

/Users/msegreto/Development/go/src/github.com/18F/cg-deck/static_src/components/space_list.jsx
   5:8   error  'orgActions' is defined but never used                                                                             no-unused-vars
   6:8   error  'AppDispatcher' is defined but never used                                                                          no-unused-vars
   9:1   error  Split 'var' declarations into multiple statements                                                                  one-var
   9:1   error  Unexpected var, use let or const instead                                                                           no-var
  10:5   error  Expected indentation of 2 space characters but found 4                                                             indent
  13:3   error  Split 'var' declarations into multiple statements                                                                  one-var
  13:3   error  Unexpected var, use let or const instead                                                                           no-var
  14:7   error  Expected indentation of 4 space characters but found 6                                                             indent
  16:11  error  Trailing spaces not allowed                                                                                        no-trailing-spaces
  17:5   error  Expected property shorthand                                                                                        object-shorthand
  18:5   error  Expected property shorthand                                                                                        object-shorthand
  34:5   error  Do not use setState in componentDidMount                                                                           react/no-did-mount-set-state
  55:66  error  Missing semicolon                                                                                                  semi
  59:20  error  Unexpected space(s) after '${'                                                                                     template-curly-spacing
  59:49  error  Unexpected space(s) before '}'                                                                                     template-curly-spacing
  59:58  error  Unexpected space(s) after '${'                                                                                     template-curly-spacing
  59:71  error  Unexpected space(s) before '}'                                                                                     template-curly-spacing
  64:14  error  'row' is never reassigned, use 'const' instead                                                                     prefer-const
  65:19  error  Multiple spaces found before 'unsafe'                                                                              no-multi-spaces
  65:26  error  Unexpected string concatenation                                                                                    prefer-template
  65:73  error  Trailing spaces not allowed                                                                                        no-trailing-spaces
  66:18  error  Infix operators must be spaced                                                                                     space-infix-ops
  71:17  error  Missing parentheses around multilines JSX                                                                          react/wrap-multilines
  71:72  error  Trailing spaces not allowed                                                                                        no-trailing-spaces
  72:9   error  Value must be omitted for boolean attributes                                                                       react/jsx-boolean-value
  72:45  error  The closing bracket must be aligned with the line containing the opening tag (expected column 7 on the next line)  react/jsx-closing-bracket-location
  80:39  error  Trailing spaces not allowed                                                                                        no-trailing-spaces
  90:2   error  Missing semicolon                                                                                                  semi

✖ 28 problems (28 errors, 0 warnings)


ERROR in ./static_src/stores/login_store.js

/Users/msegreto/Development/go/src/github.com/18F/cg-deck/static_src/stores/login_store.js
  13:61  error  Missing semicolon                                       semi
  18:5   error  Expected space(s) after "switch"                        keyword-spacing
  33:2   error  Unnecessary semicolon                                   no-extra-semi
  35:5   error  '_LoginStore' is never reassigned, use 'const' instead  prefer-const

✖ 4 problems (4 errors, 0 warnings)


ERROR in ./static_src/components/navbar.jsx

/Users/msegreto/Development/go/src/github.com/18F/cg-deck/static_src/components/navbar.jsx
    7:8   error    'Dropdown' is defined but never used                                                                                no-unused-vars
   30:25  error    Trailing spaces not allowed                                                                                         no-trailing-spaces
   32:3   error    Expected method shorthand                                                                                           object-shorthand
   32:12  warning  Missing function expression name                                                                                    func-names
   32:20  error    Missing space before function parentheses                                                                           space-before-function-paren
   35:8   error    Declare only one React component per file                                                                           react/no-multi-comp
   42:5   error    Unexpected var, use let or const instead                                                                            no-var
   46:22  error    'children' is missing in props validation                                                                           react/prop-types
   46:32  error    Trailing spaces not allowed                                                                                         no-trailing-spaces
   53:3   error    Split 'var' declarations into multiple statements                                                                   one-var
   53:3   error    Unexpected var, use let or const instead                                                                            no-var
   54:7   error    Expected indentation of 4 space characters but found 6                                                              indent
   57:5   error    Expected property shorthand                                                                                         object-shorthand
   62:8   error    Declare only one React component per file                                                                           react/no-multi-comp
   66:9   error    'currentOrg' is never reassigned, use 'const' instead                                                               prefer-const
   68:7   error    Expected property shorthand                                                                                         object-shorthand
   70:6   error    Missing semicolon                                                                                                   semi
   92:13  error    Unexpected string concatenation                                                                                     prefer-template
   92:13  error    Multiple spaces found before ''#/org/''                                                                             no-multi-spaces
  100:5   error    Unexpected var, use let or const instead                                                                            no-var
  103:38  error    Unexpected block statement surrounding arrow body                                                                   arrow-body-style
  108:50  error    Unexpected block statement surrounding arrow body                                                                   arrow-body-style
  110:27  error    Trailing spaces not allowed                                                                                         no-trailing-spaces
  112:39  error    The closing bracket must be aligned with the line containing the opening tag (expected column 19 on the next line)  react/jsx-closing-bracket-location
  113:18  error    Missing semicolon                                                                                                   semi
  126:2   error    Missing semicolon                                                                                                   semi

✖ 26 problems (25 errors, 1 warning)


ERROR in ./static_src/actions/app_actions.js

/Users/msegreto/Development/go/src/github.com/18F/cg-deck/static_src/actions/app_actions.js
  14:7  error  Expected property shorthand  object-shorthand
  21:7  error  Expected property shorthand  object-shorthand

✖ 2 problems (2 errors, 0 warnings)


ERROR in ./static_src/actions/error_actions.js

/Users/msegreto/Development/go/src/github.com/18F/cg-deck/static_src/actions/error_actions.js
   6:8  error    'errorActionTypes' is defined but never used  no-unused-vars
   7:8  error    'Dispatcher' is defined but never used        no-unused-vars
  11:5  warning  Unexpected console statement                  no-console
  13:4  error    Unexpected trailing comma                     comma-dangle

✖ 4 problems (3 errors, 1 warning)


ERROR in ./static_src/actions/login_actions.js

/Users/msegreto/Development/go/src/github.com/18F/cg-deck/static_src/actions/login_actions.js
   4:47  error  Trailing spaces not allowed        no-trailing-spaces
   8:8   error  'cfApi' is defined but never used  no-unused-vars
  15:7   error  Expected property shorthand        object-shorthand

✖ 3 problems (3 errors, 0 warnings)


ERROR in ./static_src/actions/user_actions.js

/Users/msegreto/Development/go/src/github.com/18F/cg-deck/static_src/actions/user_actions.js
   14:7  error  Expected property shorthand  object-shorthand
   21:7  error  Expected property shorthand  object-shorthand
   28:7  error  Expected property shorthand  object-shorthand
   35:7  error  Expected property shorthand  object-shorthand
   36:7  error  Expected property shorthand  object-shorthand
   44:7  error  Expected property shorthand  object-shorthand
   51:7  error  Expected property shorthand  object-shorthand
   52:7  error  Expected property shorthand  object-shorthand
   59:7  error  Expected property shorthand  object-shorthand
   60:7  error  Expected property shorthand  object-shorthand
   67:7  error  Expected property shorthand  object-shorthand
   68:7  error  Expected property shorthand  object-shorthand
   75:7  error  Expected property shorthand  object-shorthand
   76:7  error  Expected property shorthand  object-shorthand
   77:7  error  Expected property shorthand  object-shorthand
   78:7  error  Expected property shorthand  object-shorthand
   85:7  error  Expected property shorthand  object-shorthand
   86:7  error  Expected property shorthand  object-shorthand
   87:7  error  Expected property shorthand  object-shorthand
   94:7  error  Expected property shorthand  object-shorthand
   95:7  error  Expected property shorthand  object-shorthand
   96:7  error  Expected property shorthand  object-shorthand
   97:7  error  Expected property shorthand  object-shorthand
  104:7  error  Expected property shorthand  object-shorthand
  105:7  error  Expected property shorthand  object-shorthand
  106:7  error  Expected property shorthand  object-shorthand
  113:7  error  Expected property shorthand  object-shorthand
  114:7  error  Expected property shorthand  object-shorthand

✖ 28 problems (28 errors, 0 warnings)


ERROR in ./static_src/actions/space_actions.js

/Users/msegreto/Development/go/src/github.com/18F/cg-deck/static_src/actions/space_actions.js
  15:7  error  Expected property shorthand  object-shorthand
  24:7  error  Expected property shorthand  object-shorthand

✖ 2 problems (2 errors, 0 warnings)


ERROR in ./static_src/components/create_service_instance.jsx

/Users/msegreto/Development/go/src/github.com/18F/cg-deck/static_src/components/create_service_instance.jsx
   11:30  error  Multiple spaces found before 'from'                                                                                no-multi-spaces
   16:3   error  Unexpected var, use let or const instead                                                                           no-var
   16:3   error  Split 'var' declarations into multiple statements                                                                  one-var
   17:7   error  Expected indentation of 4 space characters but found 6                                                             indent
   20:5   error  Expected property shorthand                                                                                        object-shorthand
   21:5   error  Expected property shorthand                                                                                        object-shorthand
   22:4   error  Missing semicolon                                                                                                  semi
   41:5   error  Do not use setState in componentDidMount                                                                           react/no-did-mount-set-state
   49:19  error  A space is required after '{'                                                                                      object-curly-spacing
   49:20  error  Expected property shorthand                                                                                        object-shorthand
   49:30  error  A space is required before '}'                                                                                     object-curly-spacing
   57:7   error  Trailing spaces not allowed                                                                                        no-trailing-spaces
   69:5   error  Unexpected var, use let or const instead                                                                           no-var
   72:81  error  Missing semicolon                                                                                                  semi
   77:69  error  Trailing spaces not allowed                                                                                        no-trailing-spaces
   81:42  error  Trailing spaces not allowed                                                                                        no-trailing-spaces
   82:13  error  Expected indentation of 10 space characters but found 12                                                           react/jsx-indent-props
   82:24  error  Strings must use singlequote                                                                                       quotes
   83:13  error  Expected indentation of 10 space characters but found 12                                                           react/jsx-indent-props
   84:13  error  Expected indentation of 10 space characters but found 12                                                           react/jsx-indent-props
   85:13  error  Expected indentation of 10 space characters but found 12                                                           react/jsx-indent-props
   85:48  error  Trailing spaces not allowed                                                                                        no-trailing-spaces
   86:13  error  Expected indentation of 10 space characters but found 12                                                           react/jsx-indent-props
   86:42  error  The closing bracket must be aligned with the line containing the opening tag (expected column 9 on the next line)  react/jsx-closing-bracket-location
   87:20  error  Trailing spaces not allowed                                                                                        no-trailing-spaces
   88:24  error  Strings must use singlequote                                                                                       quotes
   89:50  error  Trailing spaces not allowed                                                                                        no-trailing-spaces
   93:22  error  Trailing spaces not allowed                                                                                        no-trailing-spaces
   94:24  error  Strings must use singlequote                                                                                       quotes
   95:50  error  Trailing spaces not allowed                                                                                        no-trailing-spaces
   98:56  error  Unexpected block statement surrounding arrow body                                                                  arrow-body-style
  108:2   error  Unnecessary semicolon                                                                                              no-extra-semi
  117:2   error  Missing semicolon                                                                                                  semi

✖ 33 problems (33 errors, 0 warnings)


ERROR in ./static_src/stores/service_store.js

/Users/msegreto/Development/go/src/github.com/18F/cg-deck/static_src/stores/service_store.js
   7:8  error  'AppDispatcher' is defined but never used                        no-unused-vars
  26:9  error  All 'var' declarations must be at the top of the function scope  vars-on-top
  26:9  error  Unexpected var, use let or const instead                         no-var
  37:2  error  Unnecessary semicolon                                            no-extra-semi
  38:5  error  '_ServiceStore' is never reassigned, use 'const' instead         prefer-const

✖ 5 problems (5 errors, 0 warnings)


ERROR in ./static_src/components/service_list.jsx

/Users/msegreto/Development/go/src/github.com/18F/cg-deck/static_src/components/service_list.jsx
  11:1   error  Split 'var' declarations into multiple statements                                                                   one-var
  11:1   error  Unexpected var, use let or const instead                                                                            no-var
  11:5   error  'Table' is defined but never used                                                                                   no-unused-vars
  12:5   error  'Thead' is defined but never used                                                                                   no-unused-vars
  12:5   error  Expected indentation of 2 space characters but found 4                                                              indent
  13:5   error  'Th' is defined but never used                                                                                      no-unused-vars
  13:5   error  Expected indentation of 2 space characters but found 4                                                              indent
  14:5   error  Expected indentation of 2 space characters but found 4                                                              indent
  14:5   error  'Tr' is defined but never used                                                                                      no-unused-vars
  15:5   error  Expected indentation of 2 space characters but found 4                                                              indent
  15:5   error  'Td' is defined but never used                                                                                      no-unused-vars
  27:19  error  A space is required after '{'                                                                                       object-curly-spacing
  27:55  error  A space is required before '}'                                                                                      object-curly-spacing
  31:5   error  Unexpected var, use let or const instead                                                                            no-var
  41:5   error  Unexpected var, use let or const instead                                                                            no-var
  46:5   error  Unexpected var, use let or const instead                                                                            no-var
  51:42  error  Unexpected block statement surrounding arrow body                                                                   arrow-body-style
  56:14  error  Missing semicolon                                                                                                   semi
  59:34  error  Unexpected block statement surrounding arrow body                                                                   arrow-body-style
  61:11  error  Expected indentation of 12 space characters but found 10                                                            indent
  62:47  error  Unexpected block statement surrounding arrow body                                                                   arrow-body-style
  67:16  error  Missing semicolon                                                                                                   semi
  70:11  error  Expected indentation of 12 space characters but found 10                                                            indent
  73:17  error  Expected indentation of 14 space characters but found 16                                                            react/jsx-indent-props
  73:58  error  The closing bracket must be aligned with the line containing the opening tag (expected column 13 on the next line)  react/jsx-closing-bracket-location
  76:12  error  Missing semicolon                                                                                                   semi
  83:35  error  Trailing spaces not allowed                                                                                         no-trailing-spaces
  96:2   error  Missing semicolon                                                                                                   semi

✖ 28 problems (28 errors, 0 warnings)


ERROR in ./static_src/stores/service_instance_store.js

/Users/msegreto/Development/go/src/github.com/18F/cg-deck/static_src/stores/service_instance_store.js
   38:9   error  All 'var' declarations must be at the top of the function scope   vars-on-top
   38:9   error  Unexpected var, use let or const instead                          no-var
   61:9   error  All 'var' declarations must be at the top of the function scope   vars-on-top
   61:9   error  Unexpected var, use let or const instead                          no-var
   63:11  error  Expected exception block, space or tab after '//' in comment      spaced-comment
   66:9   error  Block must not be padded by blank lines                           padded-blocks
   74:9   error  All 'var' declarations must be at the top of the function scope   vars-on-top
   74:9   error  Unexpected var, use let or const instead                          no-var
   80:9   error  All 'var' declarations must be at the top of the function scope   vars-on-top
   80:9   error  Unexpected var, use let or const instead                          no-var
   87:9   error  All 'var' declarations must be at the top of the function scope   vars-on-top
   87:9   error  Unexpected var, use let or const instead                          no-var
   89:11  error  All 'var' declarations must be at the top of the function scope   vars-on-top
   89:11  error  Unexpected var, use let or const instead                          no-var
  101:2   error  Unnecessary semicolon                                             no-extra-semi
  102:5   error  '_ServiceInstanceStore' is never reassigned, use 'const' instead  prefer-const

✖ 16 problems (16 errors, 0 warnings)


ERROR in ./static_src/stores/service_plan_store.js

/Users/msegreto/Development/go/src/github.com/18F/cg-deck/static_src/stores/service_plan_store.js
   4:72  error  Trailing spaces not allowed                                      no-trailing-spaces
  21:47  error  Unexpected block statement surrounding arrow body                arrow-body-style
  22:39  error  Expected '===' and instead saw '=='                              eqeqeq
  29:9   error  Assignment to property of function parameter 'entity'            no-param-reassign
  39:9   error  All 'var' declarations must be at the top of the function scope  vars-on-top
  39:9   error  Unexpected var, use let or const instead                         no-var
  40:18  error  'service' is never reassigned, use 'const' instead               prefer-const
  52:11  error  Unexpected var, use let or const instead                         no-var
  52:11  error  All 'var' declarations must be at the top of the function scope  vars-on-top
  53:63  error  Missing semicolon                                                semi
  65:2   error  Unnecessary semicolon                                            no-extra-semi
  66:5   error  '_ServicePlanStore' is never reassigned, use 'const' instead     prefer-const

✖ 12 problems (12 errors, 0 warnings)


ERROR in ./static_src/dispatcher.js

/Users/msegreto/Development/go/src/github.com/18F/cg-deck/static_src/dispatcher.js
   2:8   error    A space is required after '{'                              object-curly-spacing
   2:19  error    A space is required before '}'                             object-curly-spacing
   6:5   error    Assignment to property of function parameter 'action'      no-param-reassign
   8:5   warning  Unexpected console statement                               no-console
  11:5   error    Assignment to property of function parameter 'action'      no-param-reassign
  13:5   warning  Unexpected console statement                               no-console
  17:5   error    '_AppDispatcher' is never reassigned, use 'const' instead  prefer-const

✖ 7 problems (5 errors, 2 warnings)


ERROR in ./static_src/constants.js

/Users/msegreto/Development/go/src/github.com/18F/cg-deck/static_src/constants.js
   6:1   error  Unexpected var, use let or const instead  no-var
  10:1   error  Unexpected var, use let or const instead  no-var
  14:24  error  Unexpected trailing comma                 comma-dangle
  17:1   error  Unexpected var, use let or const instead  no-var
  30:1   error  Unexpected var, use let or const instead  no-var
  37:1   error  Unexpected var, use let or const instead  no-var
  52:70  error  Trailing spaces not allowed               no-trailing-spaces
  65:1   error  Unexpected var, use let or const instead  no-var
  72:1   error  Unexpected var, use let or const instead  no-var

✖ 9 problems (9 errors, 0 warnings)


ERROR in ./static_src/components/app_list.jsx

/Users/msegreto/Development/go/src/github.com/18F/cg-deck/static_src/components/app_list.jsx
   7:1   error  Split 'var' declarations into multiple statements                                                                  one-var
   7:1   error  Unexpected var, use let or const instead                                                                           no-var
   8:5   error  Expected indentation of 2 space characters but found 4                                                             indent
  11:3   error  Unexpected var, use let or const instead                                                                           no-var
  17:4   error  Missing semicolon                                                                                                  semi
  37:3   error  _onChange should be placed after getRows                                                                           react/sort-comp
  42:20  error  Unexpected space(s) after '${'                                                                                     template-curly-spacing
  42:49  error  Unexpected space(s) before '}'                                                                                     template-curly-spacing
  43:15  error  Unexpected space(s) after '${'                                                                                     template-curly-spacing
  43:46  error  Unexpected space(s) before '}'                                                                                     template-curly-spacing
  44:13  error  Unexpected space(s) after '${'                                                                                     template-curly-spacing
  44:25  error  Unexpected space(s) before '}'                                                                                     template-curly-spacing
  48:5   error  Unexpected var, use let or const instead                                                                           no-var
  49:14  error  'app' is never reassigned, use 'const' instead                                                                     prefer-const
  50:11  error  'row' is never reassigned, use 'const' instead                                                                     prefer-const
  51:35  error  Unexpected space(s) after '${'                                                                                     template-curly-spacing
  51:55  error  Unexpected space(s) before '}'                                                                                     template-curly-spacing
  51:58  error  Unexpected space(s) after '${'                                                                                     template-curly-spacing
  51:70  error  Unexpected space(s) before '}'                                                                                     template-curly-spacing
  69:5   error  Unexpected var, use let or const instead                                                                           no-var
  72:17  error  Missing parentheses around multilines JSX                                                                          react/wrap-multilines
  72:62  error  Trailing spaces not allowed                                                                                        no-trailing-spaces
  74:9   error  Value must be omitted for boolean attributes                                                                       react/jsx-boolean-value
  74:45  error  The closing bracket must be aligned with the line containing the opening tag (expected column 7 on the next line)  react/jsx-closing-bracket-location
  78:37  error  Trailing spaces not allowed                                                                                        no-trailing-spaces
  83:2   error  Unnecessary semicolon                                                                                              no-extra-semi
  93:2   error  Missing semicolon                                                                                                  semi

✖ 27 problems (27 errors, 0 warnings)


ERROR in ./static_src/stores/org_store.js

/Users/msegreto/Development/go/src/github.com/18F/cg-deck/static_src/stores/org_store.js
  13:10  error  'formatData' is defined but never used                           no-unused-vars
  14:38  error  Unexpected block statement surrounding arrow body                arrow-body-style
  40:11  error  All 'var' declarations must be at the top of the function scope  vars-on-top
  40:11  error  Unexpected var, use let or const instead                         no-var
  42:60  error  Trailing spaces not allowed                                      no-trailing-spaces
  51:9   error  All 'var' declarations must be at the top of the function scope  vars-on-top
  51:9   error  Unexpected var, use let or const instead                         no-var
  58:9   error  All 'var' declarations must be at the top of the function scope  vars-on-top
  58:9   error  Unexpected var, use let or const instead                         no-var
  74:5   error  '_OrgStore' is never reassigned, use 'const' instead             prefer-const

✖ 10 problems (10 errors, 0 warnings)


ERROR in ./static_src/components/service_instance_list.jsx

/Users/msegreto/Development/go/src/github.com/18F/cg-deck/static_src/components/service_instance_list.jsx
   9:1   error  Split 'var' declarations into multiple statements                                                                   one-var
   9:1   error  Unexpected var, use let or const instead                                                                            no-var
  10:5   error  Expected indentation of 2 space characters but found 4                                                              indent
  11:5   error  Expected indentation of 2 space characters but found 4                                                              indent
  12:5   error  Expected indentation of 2 space characters but found 4                                                              indent
  13:5   error  Expected indentation of 2 space characters but found 4                                                              indent
  20:3   error  Unreachable code                                                                                                    no-unreachable
  21:3   error  Unreachable code                                                                                                    no-unreachable
  56:5   error  Unexpected var, use let or const instead                                                                            no-var
  60:34  error  Value must be omitted for boolean attributes                                                                        react/jsx-boolean-value
  62:44  error  Unexpected block statement surrounding arrow body                                                                   arrow-body-style
  66:16  error  Missing semicolon                                                                                                   semi
  69:59  error  Unexpected block statement surrounding arrow body                                                                   arrow-body-style
  78:26  error  Trailing spaces not allowed                                                                                         no-trailing-spaces
  79:19  error  Expected indentation of 20 space characters but found 18                                                            react/jsx-indent-props
  79:30  error  Strings must use singlequote                                                                                        quotes
  80:19  error  Expected indentation of 20 space characters but found 18                                                            react/jsx-indent-props
  80:19  error  JSX props should not use .bind()                                                                                    react/jsx-no-bind
  80:82  error  Trailing spaces not allowed                                                                                         no-trailing-spaces
  81:19  error  Expected indentation of 20 space characters but found 18                                                            react/jsx-indent-props
  81:33  error  The closing bracket must be aligned with the line containing the opening tag (expected column 19 on the next line)  react/jsx-closing-bracket-location
  86:14  error  Missing semicolon                                                                                                   semi
  93:37  error  Trailing spaces not allowed                                                                                         no-trailing-spaces
  98:2   error  Unnecessary semicolon                                                                                               no-extra-semi

✖ 24 problems (24 errors, 0 warnings)


ERROR in ./static_src/stores/space_store.js

/Users/msegreto/Development/go/src/github.com/18F/cg-deck/static_src/stores/space_store.js
   7:8   error  'AppDispatcher' is defined but never used                        no-unused-vars
   9:8   error  'cfApi' is defined but never used                                no-unused-vars
  20:5   error  Expected a default case                                          default-case
  22:9   error  All 'var' declarations must be at the top of the function scope  vars-on-top
  22:9   error  Unexpected var, use let or const instead                         no-var
  24:56  error  Trailing spaces not allowed                                      no-trailing-spaces
  30:9   error  All 'var' declarations must be at the top of the function scope  vars-on-top
  30:9   error  Unexpected var, use let or const instead                         no-var
  32:60  error  Trailing spaces not allowed                                      no-trailing-spaces
  42:5   error  '_SpaceStore' is never reassigned, use 'const' instead           prefer-const

✖ 10 problems (10 errors, 0 warnings)


ERROR in ./static_src/components/users.jsx

/Users/msegreto/Development/go/src/github.com/18F/cg-deck/static_src/components/users.jsx
   14:1   error  Split 'const' declarations into multiple statements                                                                one-var
   15:7   error  Expected indentation of 2 space characters but found 6                                                             indent
   18:3   error  Unexpected var, use let or const instead                                                                           no-var
   26:5   error  Expected property shorthand                                                                                        object-shorthand
   27:4   error  Missing semicolon                                                                                                  semi
   62:8   error  Expected indentation of 6 space characters but found 7                                                             indent
   62:65  error  Trailing spaces not allowed                                                                                        no-trailing-spaces
   64:8   error  Expected indentation of 6 space characters but found 7                                                             indent
   64:61  error  Trailing spaces not allowed                                                                                        no-trailing-spaces
   80:38  error  Trailing spaces not allowed                                                                                        no-trailing-spaces
   81:42  error  Trailing spaces not allowed                                                                                        no-trailing-spaces
   87:41  error  Trailing spaces not allowed                                                                                        no-trailing-spaces
   88:42  error  Trailing spaces not allowed                                                                                        no-trailing-spaces
   94:5   error  Unexpected var, use let or const instead                                                                           no-var
  100:5   error  Unexpected var, use let or const instead                                                                           no-var
  100:64  error  Trailing spaces not allowed                                                                                        no-trailing-spaces
  106:5   error  Unexpected var, use let or const instead                                                                           no-var
  112:10  error  JSX props should not use .bind()                                                                                   react/jsx-no-bind
  118:10  error  JSX props should not use .bind()                                                                                   react/jsx-no-bind
  127:5   error  Unexpected var, use let or const instead                                                                           no-var
  127:5   error  Split 'var' declarations into multiple statements                                                                  one-var
  128:9   error  Expected indentation of 6 space characters but found 8                                                             indent
  131:41  error  Trailing spaces not allowed                                                                                        no-trailing-spaces
  144:36  error  Trailing spaces not allowed                                                                                        no-trailing-spaces
  146:47  error  The closing bracket must be aligned with the line containing the opening tag (expected column 7 on the next line)  react/jsx-closing-bracket-location
  150:22  error  Trailing spaces not allowed                                                                                        no-trailing-spaces
  151:17  error  Expected indentation of 14 space characters but found 16                                                           react/jsx-indent-props
  151:50  error  Trailing spaces not allowed                                                                                        no-trailing-spaces
  152:17  error  Expected indentation of 14 space characters but found 16                                                           react/jsx-indent-props
  152:43  error  Trailing spaces not allowed                                                                                        no-trailing-spaces
  153:17  error  Expected indentation of 14 space characters but found 16                                                           react/jsx-indent-props
  154:17  error  Expected indentation of 14 space characters but found 16                                                           react/jsx-indent-props
  172:2   error  Missing semicolon                                                                                                  semi

✖ 33 problems (33 errors, 0 warnings)


ERROR in ./static_src/components/tabnav.jsx

/Users/msegreto/Development/go/src/github.com/18F/cg-deck/static_src/components/tabnav.jsx
  14:19  error  A space is required after '{'             object-curly-spacing
  14:50  error  A space is required before '}'            object-curly-spacing
  18:5   error  Unexpected var, use let or const instead  no-var
  19:5   error  Unexpected var, use let or const instead  no-var
  26:16  error  Unexpected 'else' after 'return'          no-else-return
  33:2   error  Unnecessary semicolon                     no-extra-semi

✖ 6 problems (6 errors, 0 warnings)


ERROR in ./static_src/stores/base_store.js

/Users/msegreto/Development/go/src/github.com/18F/cg-deck/static_src/stores/base_store.js
  36:3   error    Expected to return a value at the end of this method                   consistent-return
  38:41  error    Unexpected block statement surrounding arrow body                      arrow-body-style
  49:40  error    Unexpected block statement surrounding arrow body                      arrow-body-style
  57:23  warning  Missing function expression name                                       func-names
  57:23  error    Unexpected function expression                                         prefer-arrow-callback
  57:31  error    Missing space before function parentheses                              space-before-function-paren
  58:9   error    Unexpected var, use let or const instead                               no-var
  58:34  warning  Missing function expression name                                       func-names
  58:34  error    Unexpected function expression                                         prefer-arrow-callback
  58:42  error    Missing space before function parentheses                              space-before-function-paren
  61:1   error    Trailing spaces not allowed                                            no-trailing-spaces
  62:9   error    Expected an assignment or function call and instead saw an expression  no-unused-expressions
  65:7   error    Assignment to function parameter 'currents'                            no-param-reassign

✖ 13 problems (11 errors, 2 warnings)


ERROR in ./static_src/components/dropdown.jsx

/Users/msegreto/Development/go/src/github.com/18F/cg-deck/static_src/components/dropdown.jsx
  16:20  error  'ev' is defined but never used                                                                                     no-unused-vars
  21:5   error  Split 'var' declarations into multiple statements                                                                  one-var
  21:5   error  Unexpected var, use let or const instead                                                                           no-var
  21:14  error  Unexpected string concatenation                                                                                    prefer-template
  22:9   error  Expected indentation of 6 space characters but found 8                                                             indent
  23:11  error  Unnecessarily quoted property 'open' found                                                                         quote-props
  28:16  error  Unexpected string concatenation                                                                                    prefer-template
  29:13  error  Expected indentation of 8 space characters but found 12                                                            react/jsx-indent-props
  30:13  error  Expected indentation of 8 space characters but found 12                                                            react/jsx-indent-props
  31:13  error  Expected indentation of 8 space characters but found 12                                                            react/jsx-indent-props
  31:46  error  The closing bracket must be aligned with the line containing the opening tag (expected column 7 on the next line)  react/jsx-closing-bracket-location
  35:38  error  Trailing spaces not allowed                                                                                        no-trailing-spaces
  36:13  error  Expected indentation of 10 space characters but found 12                                                           react/jsx-indent-props
  36:35  error  The closing bracket must be aligned with the line containing the opening tag (expected column 9 on the next line)  react/jsx-closing-bracket-location
  37:44  error  Unexpected block statement surrounding arrow body                                                                  arrow-body-style
  40:14  error  Missing semicolon                                                                                                  semi
  46:2   error  Unnecessary semicolon                                                                                              no-extra-semi
  48:23  error  Trailing spaces not allowed                                                                                        no-trailing-spaces

✖ 18 problems (18 errors, 0 warnings)


ERROR in ./static_src/components/box.jsx

/Users/msegreto/Development/go/src/github.com/18F/cg-deck/static_src/components/box.jsx
  18:22  error  'children' is missing in props validation  react/prop-types

✖ 1 problem (1 error, 0 warnings)


ERROR in ./static_src/components/button.jsx

/Users/msegreto/Development/go/src/github.com/18F/cg-deck/static_src/components/button.jsx
  23:5   error    Unexpected var, use let or const instead                                                                           no-var
  26:11  error    Expected indentation of 8 space characters but found 10                                                            react/jsx-indent-props
  26:72  error    The closing bracket must be aligned with the line containing the opening tag (expected column 7 on the next line)  react/jsx-closing-bracket-location
  27:22  error    'children' is missing in props validation                                                                          react/prop-types
  42:3   error    Expected method shorthand                                                                                          object-shorthand
  42:19  warning  Missing function expression name                                                                                   func-names
  42:27  error    Missing space before function parentheses                                                                          space-before-function-paren

✖ 7 problems (6 errors, 1 warning)


ERROR in ./static_src/components/form.jsx

/Users/msegreto/Development/go/src/github.com/18F/cg-deck/static_src/components/form.jsx
    4:8   error    'Button' is defined but never used                                                                                  no-unused-vars
    8:1   error    Unexpected var, use let or const instead                                                                            no-var
   11:15  error    Trailing spaces not allowed                                                                                         no-trailing-spaces
   31:5   error    Unexpected var, use let or const instead                                                                            no-var
   31:19  error    Multiple spaces found before 'this'                                                                                 no-multi-spaces
   33:21  error    Expected property shorthand                                                                                         object-shorthand
   37:5   error    Unexpected var, use let or const instead                                                                            no-var
   37:19  error    Multiple spaces found before 'this'                                                                                 no-multi-spaces
   39:21  error    Expected property shorthand                                                                                         object-shorthand
   43:5   error    Split 'var' declarations into multiple statements                                                                   one-var
   43:5   error    Unexpected var, use let or const instead                                                                            no-var
   44:9   error    Expected indentation of 6 space characters but found 8                                                              indent
   45:5   error    The body of a for-in should be wrapped in an if statement to filter unwanted properties from the prototype          guard-for-in
   46:11  error    'field' is never reassigned, use 'const' instead                                                                    prefer-const
   47:11  error    'err' is never reassigned, use 'const' instead                                                                      prefer-const
   52:19  error    A space is required after '{'                                                                                       object-curly-spacing
   52:20  error    Expected property shorthand                                                                                         object-shorthand
   52:54  error    A space is required before '}'                                                                                      object-curly-spacing
   60:5   error    Unexpected var, use let or const instead                                                                            no-var
   62:5   error    The body of a for-in should be wrapped in an if statement to filter unwanted properties from the prototype          guard-for-in
   62:10  error    name is a read-only native object                                                                                   no-native-reassign
   63:11  error    'field' is never reassigned, use 'const' instead                                                                    prefer-const
   66:19  error    A space is required after '{'                                                                                       object-curly-spacing
   66:39  error    A space is required before '}'                                                                                      object-curly-spacing
   71:5   error    Unexpected var, use let or const instead                                                                            no-var
   73:5   error    Unexpected var, use let or const instead                                                                            no-var
   76:37  error    Unexpected usage of singlequote                                                                                     jsx-quotes
   76:80  error    Missing semicolon                                                                                                   semi
   81:11  error    Expected indentation of 8 space characters but found 10                                                             react/jsx-indent-props
   81:64  error    The closing bracket must be aligned with the line containing the opening tag (expected column 7 on the next line)   react/jsx-closing-bracket-location
   84:43  error    'children' is missing in props validation                                                                           react/prop-types
   89:19  error    Missing semicolon                                                                                                   semi
   90:22  error    Unexpected 'else' after 'return'                                                                                    no-else-return
   94:19  error    Missing semicolon                                                                                                   semi
   96:20  error    Unexpected 'else' after 'return'                                                                                    no-else-return
  104:2   error    Unnecessary semicolon                                                                                               no-extra-semi
  116:3   error    Expected method shorthand                                                                                           object-shorthand
  116:15  warning  Missing function expression name                                                                                    func-names
  116:23  error    Missing space before function parentheses                                                                           space-before-function-paren
  117:3   error    Expected method shorthand                                                                                           object-shorthand
  117:12  warning  Missing function expression name                                                                                    func-names
  117:20  error    Missing space before function parentheses                                                                           space-before-function-paren
  120:8   error    Declare only one React component per file                                                                           react/no-multi-comp
  124:18  error    A space is required after '{'                                                                                       object-curly-spacing
  124:28  error    A space is required before '}'                                                                                      object-curly-spacing
  131:1   error    Trailing spaces not allowed                                                                                         no-trailing-spaces
  133:5   error    Expected an assignment or function call and instead saw an expression                                               no-unused-expressions
  133:16  error    'attachToForm' is missing in props validation                                                                       react/prop-types
  133:43  error    'attachToForm' is missing in props validation                                                                       react/prop-types
  137:5   error    Expected an assignment or function call and instead saw an expression                                               no-unused-expressions
  137:16  error    'detatchFromForm' is missing in props validation                                                                    react/prop-types
  137:46  error    'detatchFromForm' is missing in props validation                                                                    react/prop-types
  140:3   error    validatorString should be placed before constructor                                                                 react/sort-comp
  140:10  error    Expected to return a value at the end of this method                                                                consistent-return
  143:36  error    Unexpected space(s) before '}'                                                                                      template-curly-spacing
  144:8   error    Missing semicolon                                                                                                   semi
  149:5   error    Unexpected var, use let or const instead                                                                            no-var
  155:21  error    Expected property shorthand                                                                                         object-shorthand
  160:30  error    Unexpected string concatenation                                                                                     prefer-template
  173:3   error    Expected method shorthand                                                                                           object-shorthand
  173:14  warning  Missing function expression name                                                                                    func-names
  173:22  error    Missing space before function parentheses                                                                           space-before-function-paren
  174:3   error    Expected method shorthand                                                                                           object-shorthand
  174:15  warning  Missing function expression name                                                                                    func-names
  174:23  error    Missing space before function parentheses                                                                           space-before-function-paren
  177:8   error    Declare only one React component per file                                                                           react/no-multi-comp
  202:19  error    A space is required after '{'                                                                                       object-curly-spacing
  202:42  error    A space is required before '}'                                                                                      object-curly-spacing
  202:45  error    Trailing spaces not allowed                                                                                         no-trailing-spaces
  206:5   error    Unexpected var, use let or const instead                                                                            no-var
  207:5   error    Unexpected var, use let or const instead                                                                            no-var
  210:63  error    Missing semicolon                                                                                                   semi
  217:65  error    The closing bracket must be aligned with the line containing the opening tag (expected column 9 on the next line)   react/jsx-closing-bracket-location
  231:55  error    Missing semicolon                                                                                                   semi
  239:5   error    Unexpected var, use let or const instead                                                                            no-var
  240:5   error    Unexpected var, use let or const instead                                                                            no-var
  243:63  error    Missing semicolon                                                                                                   semi
  249:16  error    Trailing spaces not allowed                                                                                         no-trailing-spaces
  250:13  error    Expected indentation of 10 space characters but found 12                                                            react/jsx-indent-props
  251:13  error    Expected indentation of 10 space characters but found 12                                                            react/jsx-indent-props
  251:30  error    Trailing spaces not allowed                                                                                         no-trailing-spaces
  252:13  error    Expected indentation of 10 space characters but found 12                                                            react/jsx-indent-props
  253:13  error    Expected indentation of 10 space characters but found 12                                                            react/jsx-indent-props
  254:13  error    Expected indentation of 10 space characters but found 12                                                            react/jsx-indent-props
  254:39  error    The closing bracket must be aligned with the line containing the opening tag (expected column 9 on the next line)   react/jsx-closing-bracket-location
  255:25  error    Unexpected usage of singlequote                                                                                     jsx-quotes
  255:34  error    Unexpected string concatenation                                                                                     prefer-template
  258:51  error    Unexpected block statement surrounding arrow body                                                                   arrow-body-style
  260:22  error    Trailing spaces not allowed                                                                                         no-trailing-spaces
  261:19  error    Expected indentation of 16 space characters but found 18                                                            react/jsx-indent-props
  262:19  error    Expected indentation of 16 space characters but found 18                                                            react/jsx-indent-props
  262:25  error    Unexpected string concatenation                                                                                     prefer-template
  262:45  error    The closing bracket must be aligned with the line containing the opening tag (expected column 15 on the next line)  react/jsx-closing-bracket-location

✖ 93 problems (89 errors, 4 warnings)


ERROR in ./static_src/components/service_plan_list.jsx

/Users/msegreto/Development/go/src/github.com/18F/cg-deck/static_src/components/service_plan_list.jsx
   13:1   error  Unexpected var, use let or const instead                                                                            no-var
   13:1   error  Split 'var' declarations into multiple statements                                                                   one-var
   14:5   error  Expected indentation of 2 space characters but found 4                                                              indent
   15:5   error  Expected indentation of 2 space characters but found 4                                                              indent
   16:5   error  Expected indentation of 2 space characters but found 4                                                              indent
   17:5   error  Expected indentation of 2 space characters but found 4                                                              indent
   20:3   error  Unexpected var, use let or const instead                                                                            no-var
   40:19  error  A space is required after '{'                                                                                       object-curly-spacing
   40:61  error  A space is required before '}'                                                                                      object-curly-spacing
   54:5   error  Unexpected var, use let or const instead                                                                            no-var
   66:5   error  Unexpected var, use let or const instead                                                                            no-var
   71:5   error  Unexpected var, use let or const instead                                                                            no-var
   74:14  error  Value must be omitted for boolean attributes                                                                        react/jsx-boolean-value
   76:42  error  Unexpected block statement surrounding arrow body                                                                   arrow-body-style
   78:67  error  Trailing spaces not allowed                                                                                         no-trailing-spaces
   79:19  error  Expected indentation of 16 space characters but found 18                                                            react/jsx-indent-props
   79:37  error  The closing bracket must be aligned with the line containing the opening tag (expected column 15 on the next line)  react/jsx-closing-bracket-location
   81:14  error  Missing semicolon                                                                                                   semi
   84:49  error  Unexpected block statement surrounding arrow body                                                                   arrow-body-style
   93:56  error  Trailing spaces not allowed                                                                                         no-trailing-spaces
   98:24  error  Trailing spaces not allowed                                                                                         no-trailing-spaces
   99:30  error  Strings must use singlequote                                                                                        quotes
  100:19  error  JSX props should not use .bind()                                                                                    react/jsx-no-bind
  100:75  error  Trailing spaces not allowed                                                                                         no-trailing-spaces
  101:33  error  The closing bracket must be aligned with the line containing the opening tag (expected column 17 on the next line)  react/jsx-closing-bracket-location
  106:12  error  Missing semicolon                                                                                                   semi
  113:35  error  Trailing spaces not allowed                                                                                         no-trailing-spaces

✖ 27 problems (27 errors, 0 warnings)


ERROR in ./static_src/components/user_list.jsx

/Users/msegreto/Development/go/src/github.com/18F/cg-deck/static_src/components/user_list.jsx
   23:19  error  A space is required after '{'                                                                                       object-curly-spacing
   23:49  error  A space is required before '}'                                                                                      object-curly-spacing
   31:5   error  Unexpected var, use let or const instead                                                                            no-var
   44:5   error  Unexpected var, use let or const instead                                                                            no-var
   47:14  error  Value must be omitted for boolean attributes                                                                        react/jsx-boolean-value
   49:42  error  Unexpected block statement surrounding arrow body                                                                   arrow-body-style
   52:19  error  Expected indentation of 16 space characters but found 18                                                            react/jsx-indent-props
   52:37  error  The closing bracket must be aligned with the line containing the opening tag (expected column 15 on the next line)  react/jsx-closing-bracket-location
   54:14  error  Missing semicolon                                                                                                   semi
   59:11  error  Unexpected var, use let or const instead                                                                            no-var
   63:24  error  Trailing spaces not allowed                                                                                         no-trailing-spaces
   64:17  error  Expected indentation of 18 space characters but found 16                                                            react/jsx-indent-props
   64:17  error  JSX props should not use .bind()                                                                                    react/jsx-no-bind
   64:76  error  Trailing spaces not allowed                                                                                         no-trailing-spaces
   65:17  error  Expected indentation of 18 space characters but found 16                                                            react/jsx-indent-props
   65:31  error  The closing bracket must be aligned with the line containing the opening tag (expected column 17 on the next line)  react/jsx-closing-bracket-location
   70:12  error  Trailing spaces not allowed                                                                                         no-trailing-spaces
   77:23  error  Unexpected string concatenation                                                                                     prefer-template
   79:37  error  Trailing spaces not allowed                                                                                         no-trailing-spaces
   82:32  error  Trailing spaces not allowed                                                                                         no-trailing-spaces
   86:13  error  Missing semicolon                                                                                                   semi
   94:35  error  Trailing spaces not allowed                                                                                         no-trailing-spaces
  100:2   error  Unnecessary semicolon                                                                                               no-extra-semi
  112:2   error  Missing semicolon                                                                                                   semi

✖ 24 problems (24 errors, 0 warnings)


ERROR in ./static_src/stores/user_store.js

/Users/msegreto/Development/go/src/github.com/18F/cg-deck/static_src/stores/user_store.js
    7:8   error  'AppDispatcher' is defined but never used                        no-unused-vars
   14:3   error  Unnecessarily quoted property 'managers' found                   quote-props
   15:3   error  Unnecessarily quoted property 'billing_managers' found           quote-props
   16:3   error  Unnecessarily quoted property 'auditors' found                   quote-props
   28:5   error  Expected space(s) after "switch"                                 keyword-spacing
   42:9   error  Unexpected var, use let or const instead                         no-var
   42:9   error  All 'var' declarations must be at the top of the function scope  vars-on-top
   50:9   error  Unexpected var, use let or const instead                         no-var
   50:9   error  All 'var' declarations must be at the top of the function scope  vars-on-top
   51:11  error  Unnecessarily quoted property 'organization' found               quote-props
   52:11  error  Unnecessarily quoted property 'space' found                      quote-props
   53:10  error  Missing semicolon                                                semi
   54:9   error  All 'var' declarations must be at the top of the function scope  vars-on-top
   54:9   error  Unexpected var, use let or const instead                         no-var
   59:17  error  'res' is defined but never used                                  no-unused-vars
   68:9   error  Unexpected var, use let or const instead                         no-var
   68:9   error  All 'var' declarations must be at the top of the function scope  vars-on-top
   70:15  error  'role' is never reassigned, use 'const' instead                  prefer-const
   71:41  error  Trailing spaces not allowed                                      no-trailing-spaces
   75:12  error  Trailing spaces not allowed                                      no-trailing-spaces
   80:9   error  Unexpected var, use let or const instead                         no-var
   80:9   error  All 'var' declarations must be at the top of the function scope  vars-on-top
   80:13  error  'apiMethodMap' is already defined                                no-redeclare
   81:11  error  Unnecessarily quoted property 'organization' found               quote-props
   82:11  error  Unnecessarily quoted property 'space' found                      quote-props
   83:10  error  Missing semicolon                                                semi
   84:9   error  All 'var' declarations must be at the top of the function scope  vars-on-top
   84:9   error  Unexpected var, use let or const instead                         no-var
   84:13  error  'api' is already defined                                         no-redeclare
   89:17  error  'res' is defined but never used                                  no-unused-vars
   98:9   error  All 'var' declarations must be at the top of the function scope  vars-on-top
   98:9   error  Unexpected var, use let or const instead                         no-var
   98:13  error  'user' is already defined                                        no-redeclare
  100:15  error  'role' is never reassigned, use 'const' instead                  prefer-const
  101:15  error  'idx' is never reassigned, use 'const' instead                   prefer-const
  101:22  error  Multiple spaces found before 'user'                              no-multi-spaces
  101:48  error  Trailing spaces not allowed                                      no-trailing-spaces
  106:12  error  Trailing spaces not allowed                                      no-trailing-spaces
  112:9   error  All 'var' declarations must be at the top of the function scope  vars-on-top
  112:9   error  Unexpected var, use let or const instead                         no-var
  112:13  error  'updates' is already defined                                     no-redeclare
  115:13  error  Assignment to property of function parameter 'update'            no-param-reassign
  118:13  error  Assignment to property of function parameter 'update'            no-param-reassign
  130:9   error  Unexpected var, use let or const instead                         no-var
  130:9   error  All 'var' declarations must be at the top of the function scope  vars-on-top
  135:33  error  'res' is defined but never used                                  no-unused-vars
  142:9   error  Unexpected var, use let or const instead                         no-var
  142:9   error  All 'var' declarations must be at the top of the function scope  vars-on-top
  144:11  error  Unexpected var, use let or const instead                         no-var
  144:11  error  All 'var' declarations must be at the top of the function scope  vars-on-top
  165:40  error  Unexpected block statement surrounding arrow body                arrow-body-style
  171:40  error  Unexpected block statement surrounding arrow body                arrow-body-style
  180:2   error  Unnecessary semicolon                                            no-extra-semi
  182:5   error  '_UserStore' is never reassigned, use 'const' instead            prefer-const

✖ 54 problems (54 errors, 0 warnings)


ERROR in ./static_src/components/user_role_list_control.jsx

/Users/msegreto/Development/go/src/github.com/18F/cg-deck/static_src/components/user_role_list_control.jsx
  16:3   error    Unnecessarily quoted property 'org_manager' found      quote-props
  17:3   error    Unnecessarily quoted property 'billing_manager' found  quote-props
  18:3   error    Unnecessarily quoted property 'org_auditor' found      quote-props
  19:2   error    Missing semicolon                                      semi
  30:19  error    A space is required after '{'                          object-curly-spacing
  30:41  error    A space is required before '}'                         object-curly-spacing
  38:5   error    Unexpected var, use let or const instead               no-var
  38:64  error    Trailing spaces not allowed                            no-trailing-spaces
  40:5   error    Unexpected var, use let or const instead               no-var
  53:29  error    Unexpected block statement surrounding arrow body      arrow-body-style
  56:29  error    Trailing spaces not allowed                            no-trailing-spaces
  60:15  error    JSX props should not use .bind()                       react/jsx-no-bind
  75:3   error    Expected method shorthand                              object-shorthand
  75:24  warning  Missing function expression name                       func-names
  75:32  error    Missing space before function parentheses              space-before-function-paren
  76:3   error    Expected method shorthand                              object-shorthand
  76:21  warning  Missing function expression name                       func-names
  76:29  error    Missing space before function parentheses              space-before-function-paren
  77:2   error    Missing semicolon                                      semi

✖ 19 problems (17 errors, 2 warnings)


ERROR in ./static_src/components/user_role_control.jsx

/Users/msegreto/Development/go/src/github.com/18F/cg-deck/static_src/components/user_role_control.jsx
  15:19  error    A space is required after '{'              object-curly-spacing
  15:51  error    A space is required before '}'             object-curly-spacing
  25:31  error    Trailing spaces not allowed                no-trailing-spaces
  43:3   error    Expected method shorthand                  object-shorthand
  43:13  warning  Missing function expression name           func-names
  43:21  error    Missing space before function parentheses  space-before-function-paren
  44:2   error    Missing semicolon                          semi

✖ 7 problems (6 errors, 1 warning)

Child extract-text-webpack-plugin:
        + 2 hidden modules
Child extract-text-webpack-plugin:
        + 2 hidden modules
Child extract-text-webpack-plugin:
                                     Asset     Size  Chunks             Chunk Names
      f4769f9bdb7466be65088239c12046d1.eot  20.1 kB          [emitted]  
    448c34a56d699c29117adc64c43affeb.woff2    18 kB          [emitted]  
     fa2772327f55d8198301fdb8bcfc8158.woff  23.4 kB          [emitted]  
      e18bbf611f2a2e43afc071aa2f4e1512.ttf  45.4 kB          [emitted]  
      89889688147bd7575d6327160d64e760.svg   109 kB          [emitted]  
        + 7 hidden modules
